// Jest Snapshot v1, https://goo.gl/fbAQLP

exports[`Home should render Home Page 1`] = `
<div
  className="MuiContainer-root makeStyles-root-1 MuiContainer-maxWidthLg"
>
  <div
    className="MuiPaper-root makeStyles-paper-2 MuiPaper-elevation1 MuiPaper-rounded"
  >
    <div
      className="MuiGrid-root MuiGrid-container MuiGrid-spacing-xs-3"
    >
      <div
        className="MuiGrid-root MuiGrid-item MuiGrid-grid-xs-12 MuiGrid-grid-md-4 MuiGrid-grid-lg-3"
      >
        <div
          className="MuiPaper-root makeStyles-paper-2 makeStyles-fixedHeight-3 makeStyles-background-4 MuiPaper-elevation1 MuiPaper-rounded"
        >
          Profil_img
        </div>
      </div>
      <div
        className="MuiGrid-root MuiGrid-item MuiGrid-grid-xs-12 MuiGrid-grid-md-4 MuiGrid-grid-lg-6"
      >
        <div
          className="MuiPaper-root makeStyles-paper-2 makeStyles-fixedHeight-3 makeStyles-background-4 MuiPaper-elevation1 MuiPaper-rounded"
        >
          Infos_etudiant
        </div>
      </div>
      <div
        className="MuiGrid-root MuiGrid-item MuiGrid-grid-xs-12 MuiGrid-grid-md-4 MuiGrid-grid-lg-3"
      >
        <div
          className="MuiPaper-root makeStyles-paper-2 makeStyles-fixedHeight-3 makeStyles-background-4 MuiPaper-elevation1 MuiPaper-rounded"
        >
          graph_moyennes
        </div>
      </div>
      <div
        className="MuiGrid-root MuiGrid-item MuiGrid-grid-xs-12 MuiGrid-grid-md-4 MuiGrid-grid-lg-9"
      >
        <div
          className="MuiPaper-root makeStyles-paper-2 makeStyles-fixedHeight-3 makeStyles-background-4 MuiPaper-elevation1 MuiPaper-rounded"
        >
          ?
        </div>
      </div>
      <div
        className="MuiGrid-root MuiGrid-item MuiGrid-grid-xs-12 MuiGrid-grid-md-4 MuiGrid-grid-lg-3"
      >
        <div
          className="MuiPaper-root makeStyles-paper-2 makeStyles-fixedHeight-3 makeStyles-background-4 MuiPaper-elevation1 MuiPaper-rounded"
        >
          notifications
        </div>
      </div>
    </div>
  </div>
</div>
`;
