// Jest Snapshot v1, https://goo.gl/fbAQLP

exports[`App component should render app and match snapshot 1`] = `
<header
  className="MuiPaper-root MuiAppBar-root MuiAppBar-positionRelative MuiAppBar-colorPrimary MuiPaper-elevation4"
>
  <div
    className="MuiToolbar-root MuiToolbar-regular MuiToolbar-gutters"
  >
    <a
      className="MuiTypography-root MuiLink-root MuiLink-underlineHover makeStyles-title-1 MuiTypography-colorPrimary"
      href="/"
      onBlur={[Function]}
      onFocus={[Function]}
    >
      <h4
        className="MuiTypography-root MuiTypography-h4"
      >
        Schola
      </h4>
    </a>
    <button
      className="MuiButtonBase-root MuiButton-root MuiButton-contained makeStyles-menuButton-2 makeStyles-buttonLogin-4 MuiButton-disableElevation"
      disabled={false}
      onBlur={[Function]}
      onDragLeave={[Function]}
      onFocus={[Function]}
      onKeyDown={[Function]}
      onKeyUp={[Function]}
      onMouseDown={[Function]}
      onMouseLeave={[Function]}
      onMouseUp={[Function]}
      onTouchEnd={[Function]}
      onTouchMove={[Function]}
      onTouchStart={[Function]}
      tabIndex={0}
      type="button"
    >
      <span
        className="MuiButton-label"
      >
        <p
          className="MuiTypography-root MuiTypography-body1"
        >
          Log in
        </p>
      </span>
    </button>
    <button
      className="MuiButtonBase-root MuiButton-root MuiButton-contained makeStyles-menuButton-2 makeStyles-buttonRegister-3 MuiButton-disableElevation"
      disabled={false}
      onBlur={[Function]}
      onDragLeave={[Function]}
      onFocus={[Function]}
      onKeyDown={[Function]}
      onKeyUp={[Function]}
      onMouseDown={[Function]}
      onMouseLeave={[Function]}
      onMouseUp={[Function]}
      onTouchEnd={[Function]}
      onTouchMove={[Function]}
      onTouchStart={[Function]}
      tabIndex={0}
      type="button"
    >
      <span
        className="MuiButton-label"
      >
        <p
          className="MuiTypography-root MuiTypography-body1"
        >
          Register
        </p>
      </span>
    </button>
  </div>
</header>
`;
