// Jest Snapshot v1, https://goo.gl/fbAQLP

exports[`CustomTextField should render CustomTextField and match snapshot 1`] = `
<div
  className="MuiFormControl-root MuiTextField-root WithStyles(ForwardRef(TextField))-root-3 makeStyles-root-2"
>
  
  <div
    className="MuiInputBase-root MuiOutlinedInput-root MuiInputBase-formControl"
    onClick={[Function]}
  >
    <input
      aria-invalid={false}
      autoFocus={false}
      className="MuiInputBase-input MuiOutlinedInput-input makeStyles-input-1"
      disabled={false}
      onAnimationStart={[Function]}
      onBlur={[Function]}
      onChange={[Function]}
      onFocus={[Function]}
      required={false}
      type="text"
    />
    <fieldset
      aria-hidden={true}
      className="PrivateNotchedOutline-root-42 MuiOutlinedInput-notchedOutline"
    >
      <legend
        className="PrivateNotchedOutline-legendLabelled-44"
      >
        <span
          dangerouslySetInnerHTML={
            Object {
              "__html": "&#8203;",
            }
          }
        />
      </legend>
    </fieldset>
  </div>
</div>
`;
