// Jest Snapshot v1, https://goo.gl/fbAQLP

exports[`NavigationBar should render NavigationBar and match snapshot 1`] = `
<header
  className="MuiPaper-root MuiAppBar-root MuiAppBar-positionSticky MuiAppBar-colorPrimary makeStyles-root-1 MuiPaper-elevation4"
>
  <div
    className="MuiToolbar-root MuiToolbar-regular MuiToolbar-gutters"
  >
    <a
      className="MuiTypography-root MuiLink-root MuiLink-underlineHover MuiTypography-colorPrimary"
      href="/"
      onBlur={[Function]}
      onFocus={[Function]}
    >
      <img
        alt="Schola logo"
        className="makeStyles-logo-3"
        src="logo.png"
      />
    </a>
    <h5
      className="MuiTypography-root makeStyles-title-5 MuiTypography-h5"
    >
      Schola
    </h5>
    <button
      className="MuiButtonBase-root MuiButton-root MuiButton-contained makeStyles-menuButton-6 makeStyles-buttonLogin-8"
      disabled={false}
      onBlur={[Function]}
      onClick={[Function]}
      onDragLeave={[Function]}
      onFocus={[Function]}
      onKeyDown={[Function]}
      onKeyUp={[Function]}
      onMouseDown={[Function]}
      onMouseLeave={[Function]}
      onMouseUp={[Function]}
      onTouchEnd={[Function]}
      onTouchMove={[Function]}
      onTouchStart={[Function]}
      tabIndex={0}
      type="button"
    >
      <span
        className="MuiButton-label"
      >
        <p
          className="MuiTypography-root MuiTypography-body1"
        >
          Log in
        </p>
      </span>
    </button>
    <button
      className="MuiButtonBase-root MuiButton-root MuiButton-contained makeStyles-menuButton-6 makeStyles-buttonRegister-7"
      disabled={false}
      onBlur={[Function]}
      onDragLeave={[Function]}
      onFocus={[Function]}
      onKeyDown={[Function]}
      onKeyUp={[Function]}
      onMouseDown={[Function]}
      onMouseLeave={[Function]}
      onMouseUp={[Function]}
      onTouchEnd={[Function]}
      onTouchMove={[Function]}
      onTouchStart={[Function]}
      tabIndex={0}
      type="button"
    >
      <span
        className="MuiButton-label"
      >
        <p
          className="MuiTypography-root MuiTypography-body1"
        >
          Register
        </p>
      </span>
    </button>
  </div>
</header>
`;
